
> talent-pulse@0.1.0 build
> next build

▲ Next.js 16.2.3 (Turbopack)
- Environments: .env.local, .env
- Experiments (use with caution):
  · clientTraceMetadata
  · serverActions

  Creating an optimized production build ...
✓ Compiled successfully in 8.8s
  Running next.config.js provided runAfterProductionCompile ...
✓ Completed runAfterProductionCompile in 377ms
  Running TypeScript ...
  Finished TypeScript in 11.8s ...
  Collecting page data using 15 workers ...
  Generating static pages using 15 workers (0/17) ...
  Generating static pages using 15 workers (4/17) 
  Generating static pages using 15 workers (8/17) 
  Generating static pages using 15 workers (12/17) 
✓ Generating static pages using 15 workers (17/17) in 735ms
  Finalizing page optimization ...

Route (app)
┌ ○ /
├ ○ /_not-found
├ ○ /admin-talent-scraper
├ ○ /admin-talent-scraper/dashboard
├ ○ /admin-talent-scraper/users
├ ƒ /admin-talent-scraper/users/[id]
├ ƒ /api/cron/billing
├ ƒ /api/receipts/[paymentId]
├ ƒ /api/upload
├ ƒ /api/webhooks/mollie
├ ○ /dashboard
├ ○ /legal
├ ○ /pricing
├ ○ /privacy
├ ○ /subscription/success
├ ○ /terms
└ ○ /verify-email


○  (Static)   prerendered as static content
ƒ  (Dynamic)  server-rendered on demand

